main.c:127:9:decToBcd	16	static
main.c:132:5:bcdToDec	16	static
main.c:151:6:Set_Time	48	static
main.c:165:6:Get_Time	32	static
main.c:178:6:pir	8	static
main.c:189:5:main	24	static
main.c:326:6:init_LightSensor	16	static
main.c:334:6:get_lux	16	static
main.c:343:6:calculate_lux	24	static
main.c:351:6:init_co2	16	static
main.c:358:6:get_co2_voc	16	static
main.c:370:6:get_temp_humi	24	static
main.c:386:6:HAL_GPIO_EXTI_Callback	16	static
main.c:400:6:HAL_TIM_PeriodElapsedCallback	16	static
main.c:411:6:SystemClock_Config	88	static
main.c:458:13:MX_ADC1_Init	24	static
main.c:503:13:MX_I2C1_Init	8	static
main.c:537:13:MX_RTC_Init	16	static
main.c:594:13:MX_TIM3_Init	32	static
main.c:639:13:MX_USART1_UART_Init	8	static
main.c:672:13:MX_GPIO_Init	40	static
main.c:722:6:Error_Handler	4	static
