main.c:109:9:decToBcd	16	static
main.c:114:5:bcdToDec	16	static
main.c:133:6:Set_Time	48	static
main.c:147:6:Get_Time	32	static
main.c:160:6:pir	8	static
main.c:166:6:init_LightSensor	16	static
main.c:174:6:get_lux	16	static
main.c:183:6:calculate_lux	24	static
main.c:191:6:init_co2	16	static
main.c:198:6:get_co2_voc	16	static
main.c:210:6:get_temp_humi	24	static
main.c:230:5:main	24	static
main.c:353:6:HAL_GPIO_EXTI_Callback	16	static
main.c:367:6:HAL_TIM_PeriodElapsedCallback	16	static
main.c:378:6:SystemClock_Config	88	static
main.c:425:13:MX_ADC1_Init	24	static
main.c:470:13:MX_I2C1_Init	8	static
main.c:504:13:MX_RTC_Init	16	static
main.c:561:13:MX_TIM3_Init	32	static
main.c:606:13:MX_USART1_UART_Init	8	static
main.c:639:13:MX_GPIO_Init	40	static
main.c:689:6:Error_Handler	4	static
